// Jest Snapshot v1, https://goo.gl/fbAQLP

exports[`create correct snapShot 1`] = `
<i
  className="v-board-key"
  onTouchCancel={[Function]}
  onTouchEnd={[Function]}
  onTouchMove={[Function]}
  onTouchStart={[Function]}
>
  my key
</i>
`;
